<?xml version="1.0"?>
<link_info>
   <banner>TI ARM Linker PC v5.1.1</banner>
   <copyright>Copyright (c) 1996-2013 Texas Instruments Incorporated</copyright>
   <link_time>0x562de07e</link_time>
   <link_errors>0x0</link_errors>
   <output_file>ECED4402_a2.out</output_file>
   <entry_point>
      <name>_c_int00</name>
      <address>0x4611</address>
   </entry_point>
   <input_file_list>
      <input_file id="fl-2">
         <path>.\</path>
         <kind>object</kind>
         <file>uart.obj</file>
         <name>uart.obj</name>
      </input_file>
      <input_file id="fl-3">
         <path>.\</path>
         <kind>object</kind>
         <file>testcases.obj</file>
         <name>testcases.obj</name>
      </input_file>
      <input_file id="fl-4">
         <path>.\</path>
         <kind>object</kind>
         <file>systick.obj</file>
         <name>systick.obj</name>
      </input_file>
      <input_file id="fl-5">
         <path>.\</path>
         <kind>object</kind>
         <file>memory.obj</file>
         <name>memory.obj</name>
      </input_file>
      <input_file id="fl-6">
         <path>.\</path>
         <kind>object</kind>
         <file>main.obj</file>
         <name>main.obj</name>
      </input_file>
      <input_file id="fl-7">
         <path>.\</path>
         <kind>object</kind>
         <file>lm3s9d92_startup_ccs.obj</file>
         <name>lm3s9d92_startup_ccs.obj</name>
      </input_file>
      <input_file id="fl-8">
         <path>.\</path>
         <kind>object</kind>
         <file>cursor.obj</file>
         <name>cursor.obj</name>
      </input_file>
      <input_file id="fl-9">
         <path>.\</path>
         <kind>object</kind>
         <file>clock.obj</file>
         <name>clock.obj</name>
      </input_file>
      <input_file id="fl-a">
         <path>.\</path>
         <kind>object</kind>
         <file>ControlSoftware.obj</file>
         <name>ControlSoftware.obj</name>
      </input_file>
      <input_file id="fl-b">
         <path>.\</path>
         <kind>object</kind>
         <file>ACriticalRegion.obj</file>
         <name>ACriticalRegion.obj</name>
      </input_file>
      <input_file id="fl-138">
         <path>C:\ti\ccsv5\tools\compiler\arm_5.1.1\lib\</path>
         <kind>archive</kind>
         <file>rtsv7M3_T_le_eabi.lib</file>
         <name>boot.obj</name>
      </input_file>
      <input_file id="fl-139">
         <path>C:\ti\ccsv5\tools\compiler\arm_5.1.1\lib\</path>
         <kind>archive</kind>
         <file>rtsv7M3_T_le_eabi.lib</file>
         <name>copy_decompress_none.obj</name>
      </input_file>
      <input_file id="fl-13a">
         <path>C:\ti\ccsv5\tools\compiler\arm_5.1.1\lib\</path>
         <kind>archive</kind>
         <file>rtsv7M3_T_le_eabi.lib</file>
         <name>copy_decompress_rle.obj</name>
      </input_file>
      <input_file id="fl-13b">
         <path>C:\ti\ccsv5\tools\compiler\arm_5.1.1\lib\</path>
         <kind>archive</kind>
         <file>rtsv7M3_T_le_eabi.lib</file>
         <name>copy_zero_init.obj</name>
      </input_file>
      <input_file id="fl-13c">
         <path>C:\ti\ccsv5\tools\compiler\arm_5.1.1\lib\</path>
         <kind>archive</kind>
         <file>rtsv7M3_T_le_eabi.lib</file>
         <name>exit.obj</name>
      </input_file>
      <input_file id="fl-13d">
         <path>C:\ti\ccsv5\tools\compiler\arm_5.1.1\lib\</path>
         <kind>archive</kind>
         <file>rtsv7M3_T_le_eabi.lib</file>
         <name>memcpy_t2.obj</name>
      </input_file>
      <input_file id="fl-13e">
         <path>C:\ti\ccsv5\tools\compiler\arm_5.1.1\lib\</path>
         <kind>archive</kind>
         <file>rtsv7M3_T_le_eabi.lib</file>
         <name>printf.obj</name>
      </input_file>
      <input_file id="fl-13f">
         <path>C:\ti\ccsv5\tools\compiler\arm_5.1.1\lib\</path>
         <kind>archive</kind>
         <file>rtsv7M3_T_le_eabi.lib</file>
         <name>stkdepth_vars.obj</name>
      </input_file>
      <input_file id="fl-140">
         <path>C:\ti\ccsv5\tools\compiler\arm_5.1.1\lib\</path>
         <kind>archive</kind>
         <file>rtsv7M3_T_le_eabi.lib</file>
         <name>_lock.obj</name>
      </input_file>
      <input_file id="fl-141">
         <path>C:\ti\ccsv5\tools\compiler\arm_5.1.1\lib\</path>
         <kind>archive</kind>
         <file>rtsv7M3_T_le_eabi.lib</file>
         <name>_printfi.obj</name>
      </input_file>
      <input_file id="fl-142">
         <path>C:\ti\ccsv5\tools\compiler\arm_5.1.1\lib\</path>
         <kind>archive</kind>
         <file>rtsv7M3_T_le_eabi.lib</file>
         <name>args_main.obj</name>
      </input_file>
      <input_file id="fl-143">
         <path>C:\ti\ccsv5\tools\compiler\arm_5.1.1\lib\</path>
         <kind>archive</kind>
         <file>rtsv7M3_T_le_eabi.lib</file>
         <name>atoi.obj</name>
      </input_file>
      <input_file id="fl-144">
         <path>C:\ti\ccsv5\tools\compiler\arm_5.1.1\lib\</path>
         <kind>archive</kind>
         <file>rtsv7M3_T_le_eabi.lib</file>
         <name>auto_init.obj</name>
      </input_file>
      <input_file id="fl-145">
         <path>C:\ti\ccsv5\tools\compiler\arm_5.1.1\lib\</path>
         <kind>archive</kind>
         <file>rtsv7M3_T_le_eabi.lib</file>
         <name>cpy_tbl.obj</name>
      </input_file>
      <input_file id="fl-146">
         <path>C:\ti\ccsv5\tools\compiler\arm_5.1.1\lib\</path>
         <kind>archive</kind>
         <file>rtsv7M3_T_le_eabi.lib</file>
         <name>ctype.obj</name>
      </input_file>
      <input_file id="fl-147">
         <path>C:\ti\ccsv5\tools\compiler\arm_5.1.1\lib\</path>
         <kind>archive</kind>
         <file>rtsv7M3_T_le_eabi.lib</file>
         <name>defs.obj</name>
      </input_file>
      <input_file id="fl-148">
         <path>C:\ti\ccsv5\tools\compiler\arm_5.1.1\lib\</path>
         <kind>archive</kind>
         <file>rtsv7M3_T_le_eabi.lib</file>
         <name>fd_add_t2.obj</name>
      </input_file>
      <input_file id="fl-149">
         <path>C:\ti\ccsv5\tools\compiler\arm_5.1.1\lib\</path>
         <kind>archive</kind>
         <file>rtsv7M3_T_le_eabi.lib</file>
         <name>fd_cmp_t2.obj</name>
      </input_file>
      <input_file id="fl-14a">
         <path>C:\ti\ccsv5\tools\compiler\arm_5.1.1\lib\</path>
         <kind>archive</kind>
         <file>rtsv7M3_T_le_eabi.lib</file>
         <name>fd_div_t2.obj</name>
      </input_file>
      <input_file id="fl-14b">
         <path>C:\ti\ccsv5\tools\compiler\arm_5.1.1\lib\</path>
         <kind>archive</kind>
         <file>rtsv7M3_T_le_eabi.lib</file>
         <name>fd_mul_t2.obj</name>
      </input_file>
      <input_file id="fl-14c">
         <path>C:\ti\ccsv5\tools\compiler\arm_5.1.1\lib\</path>
         <kind>archive</kind>
         <file>rtsv7M3_T_le_eabi.lib</file>
         <name>fd_toi_t2.obj</name>
      </input_file>
      <input_file id="fl-14d">
         <path>C:\ti\ccsv5\tools\compiler\arm_5.1.1\lib\</path>
         <kind>archive</kind>
         <file>rtsv7M3_T_le_eabi.lib</file>
         <name>fputc.obj</name>
      </input_file>
      <input_file id="fl-14e">
         <path>C:\ti\ccsv5\tools\compiler\arm_5.1.1\lib\</path>
         <kind>archive</kind>
         <file>rtsv7M3_T_le_eabi.lib</file>
         <name>fputs.obj</name>
      </input_file>
      <input_file id="fl-14f">
         <path>C:\ti\ccsv5\tools\compiler\arm_5.1.1\lib\</path>
         <kind>archive</kind>
         <file>rtsv7M3_T_le_eabi.lib</file>
         <name>i_tofd_t2.obj</name>
      </input_file>
      <input_file id="fl-150">
         <path>C:\ti\ccsv5\tools\compiler\arm_5.1.1\lib\</path>
         <kind>archive</kind>
         <file>rtsv7M3_T_le_eabi.lib</file>
         <name>ll_mul_t2.obj</name>
      </input_file>
      <input_file id="fl-151">
         <path>C:\ti\ccsv5\tools\compiler\arm_5.1.1\lib\</path>
         <kind>archive</kind>
         <file>rtsv7M3_T_le_eabi.lib</file>
         <name>lowlev.obj</name>
      </input_file>
      <input_file id="fl-152">
         <path>C:\ti\ccsv5\tools\compiler\arm_5.1.1\lib\</path>
         <kind>archive</kind>
         <file>rtsv7M3_T_le_eabi.lib</file>
         <name>ltoa.obj</name>
      </input_file>
      <input_file id="fl-153">
         <path>C:\ti\ccsv5\tools\compiler\arm_5.1.1\lib\</path>
         <kind>archive</kind>
         <file>rtsv7M3_T_le_eabi.lib</file>
         <name>memccpy.obj</name>
      </input_file>
      <input_file id="fl-154">
         <path>C:\ti\ccsv5\tools\compiler\arm_5.1.1\lib\</path>
         <kind>archive</kind>
         <file>rtsv7M3_T_le_eabi.lib</file>
         <name>memchr.obj</name>
      </input_file>
      <input_file id="fl-155">
         <path>C:\ti\ccsv5\tools\compiler\arm_5.1.1\lib\</path>
         <kind>archive</kind>
         <file>rtsv7M3_T_le_eabi.lib</file>
         <name>memset_t2.obj</name>
      </input_file>
      <input_file id="fl-156">
         <path>C:\ti\ccsv5\tools\compiler\arm_5.1.1\lib\</path>
         <kind>archive</kind>
         <file>rtsv7M3_T_le_eabi.lib</file>
         <name>strchr.obj</name>
      </input_file>
      <input_file id="fl-157">
         <path>C:\ti\ccsv5\tools\compiler\arm_5.1.1\lib\</path>
         <kind>archive</kind>
         <file>rtsv7M3_T_le_eabi.lib</file>
         <name>strcmp.obj</name>
      </input_file>
      <input_file id="fl-158">
         <path>C:\ti\ccsv5\tools\compiler\arm_5.1.1\lib\</path>
         <kind>archive</kind>
         <file>rtsv7M3_T_le_eabi.lib</file>
         <name>strlen.obj</name>
      </input_file>
      <input_file id="fl-159">
         <path>C:\ti\ccsv5\tools\compiler\arm_5.1.1\lib\</path>
         <kind>archive</kind>
         <file>rtsv7M3_T_le_eabi.lib</file>
         <name>strncpy.obj</name>
      </input_file>
      <input_file id="fl-15a">
         <path>C:\ti\ccsv5\tools\compiler\arm_5.1.1\lib\</path>
         <kind>archive</kind>
         <file>rtsv7M3_T_le_eabi.lib</file>
         <name>trgdrv.obj</name>
      </input_file>
      <input_file id="fl-15b">
         <path>C:\ti\ccsv5\tools\compiler\arm_5.1.1\lib\</path>
         <kind>archive</kind>
         <file>rtsv7M3_T_le_eabi.lib</file>
         <name>trgmsg.obj</name>
      </input_file>
      <input_file id="fl-15c">
         <path>C:\ti\ccsv5\tools\compiler\arm_5.1.1\lib\</path>
         <kind>archive</kind>
         <file>rtsv7M3_T_le_eabi.lib</file>
         <name>ull_div_t2.obj</name>
      </input_file>
      <input_file id="fl-15d">
         <path>C:\ti\ccsv5\tools\compiler\arm_5.1.1\lib\</path>
         <kind>archive</kind>
         <file>rtsv7M3_T_le_eabi.lib</file>
         <name>xdclass.obj</name>
      </input_file>
      <input_file id="fl-15e">
         <path>C:\ti\ccsv5\tools\compiler\arm_5.1.1\lib\</path>
         <kind>archive</kind>
         <file>rtsv7M3_T_le_eabi.lib</file>
         <name>xdtest.obj</name>
      </input_file>
      <input_file id="fl-15f">
         <path>C:\ti\ccsv5\tools\compiler\arm_5.1.1\lib\</path>
         <kind>archive</kind>
         <file>rtsv7M3_T_le_eabi.lib</file>
         <name>_io_perm.obj</name>
      </input_file>
      <input_file id="fl-160">
         <path>C:\ti\ccsv5\tools\compiler\arm_5.1.1\lib\</path>
         <kind>archive</kind>
         <file>rtsv7M3_T_le_eabi.lib</file>
         <name>fflush.obj</name>
      </input_file>
      <input_file id="fl-161">
         <path>C:\ti\ccsv5\tools\compiler\arm_5.1.1\lib\</path>
         <kind>archive</kind>
         <file>rtsv7M3_T_le_eabi.lib</file>
         <name>fseek.obj</name>
      </input_file>
      <input_file id="fl-162">
         <path>C:\ti\ccsv5\tools\compiler\arm_5.1.1\lib\</path>
         <kind>archive</kind>
         <file>rtsv7M3_T_le_eabi.lib</file>
         <name>setvbuf.obj</name>
      </input_file>
      <input_file id="fl-163">
         <path>C:\ti\ccsv5\tools\compiler\arm_5.1.1\lib\</path>
         <kind>archive</kind>
         <file>rtsv7M3_T_le_eabi.lib</file>
         <name>strcpy.obj</name>
      </input_file>
      <input_file id="fl-164">
         <path>C:\ti\ccsv5\tools\compiler\arm_5.1.1\lib\</path>
         <kind>archive</kind>
         <file>rtsv7M3_T_le_eabi.lib</file>
         <name>fopen.obj</name>
      </input_file>
      <input_file id="fl-165">
         <path>C:\ti\ccsv5\tools\compiler\arm_5.1.1\lib\</path>
         <kind>archive</kind>
         <file>rtsv7M3_T_le_eabi.lib</file>
         <name>memory.obj</name>
      </input_file>
      <input_file id="fl-166">
         <path>C:\ti\ccsv5\tools\compiler\arm_5.1.1\lib\</path>
         <kind>archive</kind>
         <file>rtsv7M3_T_le_eabi.lib</file>
         <name>fclose.obj</name>
      </input_file>
      <input_file id="fl-167">
         <path>C:\ti\ccsv5\tools\compiler\arm_5.1.1\lib\</path>
         <kind>archive</kind>
         <file>rtsv7M3_T_le_eabi.lib</file>
         <name>remove.obj</name>
      </input_file>
   </input_file_list>
   <object_component_list>
      <object_component id="oc-e">
         <name>.intvecs</name>
         <load_address>0x0</load_address>
         <run_address>0x0</run_address>
         <size>0x11c</size>
         <input_file_ref idref="fl-7"/>
      </object_component>
      <object_component id="oc-cc">
         <name>.text</name>
         <load_address>0x11c</load_address>
         <run_address>0x11c</run_address>
         <size>0xe78</size>
         <input_file_ref idref="fl-141"/>
      </object_component>
      <object_component id="oc-7a">
         <name>.text</name>
         <load_address>0xf94</load_address>
         <run_address>0xf94</run_address>
         <size>0xab4</size>
         <input_file_ref idref="fl-a"/>
      </object_component>
      <object_component id="oc-da">
         <name>.text</name>
         <load_address>0x1a48</load_address>
         <run_address>0x1a48</run_address>
         <size>0x688</size>
         <input_file_ref idref="fl-5"/>
      </object_component>
      <object_component id="oc-227">
         <name>.text</name>
         <load_address>0x20d0</load_address>
         <run_address>0x20d0</run_address>
         <size>0x3cc</size>
         <input_file_ref idref="fl-165"/>
      </object_component>
      <object_component id="oc-138">
         <name>.text</name>
         <load_address>0x249c</load_address>
         <run_address>0x249c</run_address>
         <size>0x310</size>
         <input_file_ref idref="fl-151"/>
      </object_component>
      <object_component id="oc-244">
         <name>.text</name>
         <load_address>0x27ac</load_address>
         <run_address>0x27ac</run_address>
         <size>0x2d4</size>
         <input_file_ref idref="fl-15a"/>
      </object_component>
      <object_component id="oc-115">
         <name>.text</name>
         <load_address>0x2a80</load_address>
         <run_address>0x2a80</run_address>
         <size>0x294</size>
         <input_file_ref idref="fl-3"/>
      </object_component>
      <object_component id="oc-75">
         <name>.text</name>
         <load_address>0x2d14</load_address>
         <run_address>0x2d14</run_address>
         <size>0x244</size>
         <input_file_ref idref="fl-9"/>
      </object_component>
      <object_component id="oc-14b">
         <name>.text</name>
         <load_address>0x2f58</load_address>
         <run_address>0x2f58</run_address>
         <size>0x1f4</size>
         <input_file_ref idref="fl-15c"/>
      </object_component>
      <object_component id="oc-22c">
         <name>.text</name>
         <load_address>0x314c</load_address>
         <run_address>0x314c</run_address>
         <size>0x1c0</size>
         <input_file_ref idref="fl-164"/>
      </object_component>
      <object_component id="oc-170">
         <name>.text</name>
         <load_address>0x330c</load_address>
         <run_address>0x330c</run_address>
         <size>0x1b6</size>
         <input_file_ref idref="fl-148"/>
      </object_component>
      <object_component id="oc-70">
         <name>.text</name>
         <load_address>0x34c4</load_address>
         <run_address>0x34c4</run_address>
         <size>0x16c</size>
         <input_file_ref idref="fl-b"/>
      </object_component>
      <object_component id="oc-30">
         <name>.text</name>
         <load_address>0x3630</load_address>
         <run_address>0x3630</run_address>
         <size>0x160</size>
         <input_file_ref idref="fl-2"/>
      </object_component>
      <object_component id="oc-15b">
         <name>.text</name>
         <load_address>0x3790</load_address>
         <run_address>0x3790</run_address>
         <size>0x136</size>
         <input_file_ref idref="fl-14a"/>
      </object_component>
      <object_component id="oc-c7">
         <name>.text</name>
         <load_address>0x38c8</load_address>
         <run_address>0x38c8</run_address>
         <size>0x134</size>
         <input_file_ref idref="fl-14e"/>
      </object_component>
      <object_component id="oc-f0">
         <name>.text</name>
         <load_address>0x39fc</load_address>
         <run_address>0x39fc</run_address>
         <size>0x118</size>
         <input_file_ref idref="fl-8"/>
      </object_component>
      <object_component id="oc-157">
         <name>.text</name>
         <load_address>0x3b14</load_address>
         <run_address>0x3b14</run_address>
         <size>0xfc</size>
         <input_file_ref idref="fl-14b"/>
      </object_component>
      <object_component id="oc-1cc">
         <name>.text</name>
         <load_address>0x3c10</load_address>
         <run_address>0x3c10</run_address>
         <size>0xdc</size>
         <input_file_ref idref="fl-162"/>
      </object_component>
      <object_component id="oc-133">
         <name>.text</name>
         <load_address>0x3cec</load_address>
         <run_address>0x3cec</run_address>
         <size>0xc0</size>
         <input_file_ref idref="fl-160"/>
      </object_component>
      <object_component id="oc-12e">
         <name>.text</name>
         <load_address>0x3dac</load_address>
         <run_address>0x3dac</run_address>
         <size>0xac</size>
         <input_file_ref idref="fl-15f"/>
      </object_component>
      <object_component id="oc-c2">
         <name>.text</name>
         <load_address>0x3e58</load_address>
         <run_address>0x3e58</run_address>
         <size>0x9c</size>
         <input_file_ref idref="fl-14d"/>
      </object_component>
      <object_component id="oc-49">
         <name>.text</name>
         <load_address>0x3ef4</load_address>
         <run_address>0x3ef4</run_address>
         <size>0x9c</size>
         <input_file_ref idref="fl-13d"/>
      </object_component>
      <object_component id="oc-266">
         <name>.text</name>
         <load_address>0x3f90</load_address>
         <run_address>0x3f90</run_address>
         <size>0x98</size>
         <input_file_ref idref="fl-166"/>
      </object_component>
      <object_component id="oc-38">
         <name>.text</name>
         <load_address>0x4028</load_address>
         <run_address>0x4028</run_address>
         <size>0x94</size>
         <input_file_ref idref="fl-144"/>
      </object_component>
      <object_component id="oc-153">
         <name>.text:__aeabi_cdcmple</name>
         <load_address>0x40bc</load_address>
         <run_address>0x40bc</run_address>
         <size>0x7e</size>
         <input_file_ref idref="fl-149"/>
      </object_component>
      <object_component id="oc-15f">
         <name>.text:__aeabi_cdrcmple</name>
         <load_address>0x413a</load_address>
         <run_address>0x413a</run_address>
         <size>0x7e</size>
         <input_file_ref idref="fl-149"/>
      </object_component>
      <object_component id="oc-174">
         <name>.text</name>
         <load_address>0x41b8</load_address>
         <run_address>0x41b8</run_address>
         <size>0x78</size>
         <input_file_ref idref="fl-155"/>
      </object_component>
      <object_component id="oc-6b">
         <name>.text</name>
         <load_address>0x4230</load_address>
         <run_address>0x4230</run_address>
         <size>0x70</size>
         <input_file_ref idref="fl-13e"/>
      </object_component>
      <object_component id="oc-1c7">
         <name>.text</name>
         <load_address>0x42a0</load_address>
         <run_address>0x42a0</run_address>
         <size>0x64</size>
         <input_file_ref idref="fl-161"/>
      </object_component>
      <object_component id="oc-276">
         <name>.text</name>
         <load_address>0x4304</load_address>
         <run_address>0x4304</run_address>
         <size>0x60</size>
         <input_file_ref idref="fl-15b"/>
      </object_component>
      <object_component id="oc-5b">
         <name>.text</name>
         <load_address>0x4364</load_address>
         <run_address>0x4364</run_address>
         <size>0x5e</size>
         <input_file_ref idref="fl-13a"/>
      </object_component>
      <object_component id="oc-167">
         <name>.text</name>
         <load_address>0x43c2</load_address>
         <run_address>0x43c2</run_address>
         <size>0x5a</size>
         <input_file_ref idref="fl-152"/>
      </object_component>
      <object_component id="oc-2b">
         <name>.text</name>
         <load_address>0x441c</load_address>
         <run_address>0x441c</run_address>
         <size>0x58</size>
         <input_file_ref idref="fl-4"/>
      </object_component>
      <object_component id="oc-182">
         <name>.text</name>
         <load_address>0x4474</load_address>
         <run_address>0x4474</run_address>
         <size>0x4c</size>
         <input_file_ref idref="fl-143"/>
      </object_component>
      <object_component id="oc-163">
         <name>.text</name>
         <load_address>0x44c0</load_address>
         <run_address>0x44c0</run_address>
         <size>0x48</size>
         <input_file_ref idref="fl-14c"/>
      </object_component>
      <object_component id="oc-8f">
         <name>.text</name>
         <load_address>0x4508</load_address>
         <run_address>0x4508</run_address>
         <size>0x44</size>
         <input_file_ref idref="fl-145"/>
      </object_component>
      <object_component id="oc-41">
         <name>.text</name>
         <load_address>0x454c</load_address>
         <run_address>0x454c</run_address>
         <size>0x44</size>
         <input_file_ref idref="fl-13c"/>
      </object_component>
      <object_component id="oc-203">
         <name>.text</name>
         <load_address>0x4590</load_address>
         <run_address>0x4590</run_address>
         <size>0x44</size>
         <input_file_ref idref="fl-15e"/>
      </object_component>
      <object_component id="oc-95">
         <name>.text</name>
         <load_address>0x45d4</load_address>
         <run_address>0x45d4</run_address>
         <size>0x3c</size>
         <input_file_ref idref="fl-6"/>
      </object_component>
      <object_component id="oc-10">
         <name>.text</name>
         <load_address>0x4610</load_address>
         <run_address>0x4610</run_address>
         <size>0x34</size>
         <input_file_ref idref="fl-138"/>
      </object_component>
      <object_component id="oc-1e1">
         <name>.text</name>
         <load_address>0x4644</load_address>
         <run_address>0x4644</run_address>
         <size>0x30</size>
         <input_file_ref idref="fl-159"/>
      </object_component>
      <object_component id="oc-16c">
         <name>.text</name>
         <load_address>0x4674</load_address>
         <run_address>0x4674</run_address>
         <size>0x2e</size>
         <input_file_ref idref="fl-14f"/>
      </object_component>
      <object_component id="oc-17d">
         <name>.text</name>
         <load_address>0x46a2</load_address>
         <run_address>0x46a2</run_address>
         <size>0x1a</size>
         <input_file_ref idref="fl-153"/>
      </object_component>
      <object_component id="oc-3c">
         <name>.text</name>
         <load_address>0x46bc</load_address>
         <run_address>0x46bc</run_address>
         <size>0x18</size>
         <input_file_ref idref="fl-142"/>
      </object_component>
      <object_component id="oc-14f">
         <name>.text</name>
         <load_address>0x46d4</load_address>
         <run_address>0x46d4</run_address>
         <size>0x18</size>
         <input_file_ref idref="fl-150"/>
      </object_component>
      <object_component id="oc-1d7">
         <name>.text</name>
         <load_address>0x46ec</load_address>
         <run_address>0x46ec</run_address>
         <size>0x18</size>
         <input_file_ref idref="fl-157"/>
      </object_component>
      <object_component id="oc-144">
         <name>.text</name>
         <load_address>0x4704</load_address>
         <run_address>0x4704</run_address>
         <size>0x16</size>
         <input_file_ref idref="fl-154"/>
      </object_component>
      <object_component id="oc-1dc">
         <name>.text</name>
         <load_address>0x471a</load_address>
         <run_address>0x471a</run_address>
         <size>0x16</size>
         <input_file_ref idref="fl-156"/>
      </object_component>
      <object_component id="oc-122">
         <name>.text</name>
         <load_address>0x4730</load_address>
         <run_address>0x4730</run_address>
         <size>0x14</size>
         <input_file_ref idref="fl-140"/>
      </object_component>
      <object_component id="oc-13f">
         <name>.text</name>
         <load_address>0x4744</load_address>
         <run_address>0x4744</run_address>
         <size>0x14</size>
         <input_file_ref idref="fl-158"/>
      </object_component>
      <object_component id="oc-19">
         <name>.text:decompress:ZI</name>
         <load_address>0x4758</load_address>
         <run_address>0x4758</run_address>
         <size>0x12</size>
         <input_file_ref idref="fl-13b"/>
      </object_component>
      <object_component id="oc-27b">
         <name>.text</name>
         <load_address>0x476a</load_address>
         <run_address>0x476a</run_address>
         <size>0x12</size>
         <input_file_ref idref="fl-163"/>
      </object_component>
      <object_component id="oc-14">
         <name>.text:decompress:none</name>
         <load_address>0x477c</load_address>
         <run_address>0x477c</run_address>
         <size>0xe</size>
         <input_file_ref idref="fl-139"/>
      </object_component>
      <object_component id="oc-178">
         <name>.text</name>
         <load_address>0x478a</load_address>
         <run_address>0x478a</run_address>
         <size>0xe</size>
         <input_file_ref idref="fl-15d"/>
      </object_component>
      <object_component id="oc-26">
         <name>.text</name>
         <load_address>0x4798</load_address>
         <run_address>0x4798</run_address>
         <size>0xc</size>
         <input_file_ref idref="fl-7"/>
      </object_component>
      <object_component id="oc-1e">
         <name>.text:decompress:rle24</name>
         <load_address>0x47a4</load_address>
         <run_address>0x47a4</run_address>
         <size>0x6</size>
         <input_file_ref idref="fl-13a"/>
      </object_component>
      <object_component id="oc-20b">
         <name>.const:.string:_ctypes_</name>
         <load_address>0x47aa</load_address>
         <run_address>0x47aa</run_address>
         <size>0x102</size>
         <input_file_ref idref="fl-146"/>
      </object_component>
      <object_component id="oc-2c2">
         <name>.cinit..data.load</name>
         <load_address>0x48b0</load_address>
         <run_address>0x48b0</run_address>
         <size>0x8e</size>
      </object_component>
      <object_component id="oc-2c0">
         <name>__TI_handler_table</name>
         <load_address>0x4940</load_address>
         <run_address>0x4940</run_address>
         <size>0xc</size>
      </object_component>
      <object_component id="oc-2c3">
         <name>.cinit..bss.load</name>
         <load_address>0x4950</load_address>
         <run_address>0x4950</run_address>
         <size>0x8</size>
      </object_component>
      <object_component id="oc-2c1">
         <name>__TI_cinit_table</name>
         <load_address>0x4958</load_address>
         <run_address>0x4958</run_address>
         <size>0x10</size>
      </object_component>
      <object_component id="oc-46">
         <name>.data</name>
         <load_address>0x20001008</load_address>
         <run_address>0x20001008</run_address>
         <size>0x4</size>
         <input_file_ref idref="fl-13f"/>
      </object_component>
      <object_component id="oc-9c">
         <name>.data</name>
         <load_address>0x20000ff4</load_address>
         <run_address>0x20000ff4</run_address>
         <size>0x8</size>
         <input_file_ref idref="fl-140"/>
      </object_component>
      <object_component id="oc-9e">
         <name>.data</name>
         <load_address>0x20000ffc</load_address>
         <run_address>0x20000ffc</run_address>
         <size>0x8</size>
         <input_file_ref idref="fl-13c"/>
      </object_component>
      <object_component id="oc-d1">
         <name>.data:_ftable</name>
         <load_address>0x20000e00</load_address>
         <run_address>0x20000e00</run_address>
         <size>0xf0</size>
         <input_file_ref idref="fl-147"/>
      </object_component>
      <object_component id="oc-1b8">
         <name>.data</name>
         <load_address>0x20000fc0</load_address>
         <run_address>0x20000fc0</run_address>
         <size>0x15</size>
         <input_file_ref idref="fl-8"/>
      </object_component>
      <object_component id="oc-1d3">
         <name>.data</name>
         <load_address>0x20000fd8</load_address>
         <run_address>0x20000fd8</run_address>
         <size>0x10</size>
         <input_file_ref idref="fl-147"/>
      </object_component>
      <object_component id="oc-1e6">
         <name>.data</name>
         <load_address>0x20000ef0</load_address>
         <run_address>0x20000ef0</run_address>
         <size>0xd0</size>
         <input_file_ref idref="fl-151"/>
      </object_component>
      <object_component id="oc-263">
         <name>.data</name>
         <load_address>0x20000fe8</load_address>
         <run_address>0x20000fe8</run_address>
         <size>0xc</size>
         <input_file_ref idref="fl-165"/>
      </object_component>
      <object_component id="oc-26b">
         <name>.data</name>
         <load_address>0x20001004</load_address>
         <run_address>0x20001004</run_address>
         <size>0x4</size>
         <input_file_ref idref="fl-164"/>
      </object_component>
      <object_component id="oc-19d">
         <name>.bss:memory_management</name>
         <uninitialized>true</uninitialized>
         <run_address>0x20000000</run_address>
         <size>0x3e0</size>
         <input_file_ref idref="fl-5"/>
      </object_component>
      <object_component id="oc-28e">
         <name>.bss:__TI_tmpnams</name>
         <uninitialized>true</uninitialized>
         <run_address>0x20000500</run_address>
         <size>0xa0</size>
         <input_file_ref idref="fl-147"/>
      </object_component>
      <object_component id="oc-294">
         <name>.bss:__CIOBUF_</name>
         <uninitialized>true</uninitialized>
         <run_address>0x200003e0</run_address>
         <size>0x120</size>
         <input_file_ref idref="fl-15b"/>
      </object_component>
      <object_component id="oc-85">
         <name>.common:Data_RX</name>
         <uninitialized>true</uninitialized>
         <run_address>0x200005f8</run_address>
         <size>0x1</size>
      </object_component>
      <object_component id="oc-1a6">
         <name>.common:memory_control</name>
         <uninitialized>true</uninitialized>
         <run_address>0x200005a0</run_address>
         <size>0x14</size>
      </object_component>
      <object_component id="oc-e9">
         <name>.common:timing_mainclock</name>
         <uninitialized>true</uninitialized>
         <run_address>0x200005f0</run_address>
         <size>0x4</size>
      </object_component>
      <object_component id="oc-eb">
         <name>.common:timing_stopclock</name>
         <uninitialized>true</uninitialized>
         <run_address>0x200005f4</run_address>
         <size>0x4</size>
      </object_component>
      <object_component id="oc-ec">
         <name>.common:state_stopwatch</name>
         <uninitialized>true</uninitialized>
         <run_address>0x200005e8</run_address>
         <size>0x4</size>
      </object_component>
      <object_component id="oc-10f">
         <name>.common:buffer_TX</name>
         <uninitialized>true</uninitialized>
         <run_address>0x200005c0</run_address>
         <size>0x4</size>
      </object_component>
      <object_component id="oc-10d">
         <name>.common:buffer_ready_TX</name>
         <uninitialized>true</uninitialized>
         <run_address>0x200005c8</run_address>
         <size>0x4</size>
      </object_component>
      <object_component id="oc-10c">
         <name>.common:buffer_length</name>
         <uninitialized>true</uninitialized>
         <run_address>0x200005c4</run_address>
         <size>0x4</size>
      </object_component>
      <object_component id="oc-10e">
         <name>.common:current_state</name>
         <uninitialized>true</uninitialized>
         <run_address>0x200005f9</run_address>
         <size>0x1</size>
      </object_component>
      <object_component id="oc-104">
         <name>.common:hour</name>
         <uninitialized>true</uninitialized>
         <run_address>0x200005d8</run_address>
         <size>0x4</size>
      </object_component>
      <object_component id="oc-105">
         <name>.common:minute</name>
         <uninitialized>true</uninitialized>
         <run_address>0x200005e0</run_address>
         <size>0x4</size>
      </object_component>
      <object_component id="oc-106">
         <name>.common:second</name>
         <uninitialized>true</uninitialized>
         <run_address>0x200005e4</run_address>
         <size>0x4</size>
      </object_component>
      <object_component id="oc-109">
         <name>.common:milisecond</name>
         <uninitialized>true</uninitialized>
         <run_address>0x200005dc</run_address>
         <size>0x4</size>
      </object_component>
      <object_component id="oc-10b">
         <name>.common:char_input</name>
         <uninitialized>true</uninitialized>
         <run_address>0x200005cc</run_address>
         <size>0x4</size>
      </object_component>
      <object_component id="oc-10a">
         <name>.common:enter_key</name>
         <uninitialized>true</uninitialized>
         <run_address>0x200005d0</run_address>
         <size>0x4</size>
      </object_component>
      <object_component id="oc-e2">
         <name>.common:array</name>
         <uninitialized>true</uninitialized>
         <run_address>0x200005bc</run_address>
         <size>0x4</size>
      </object_component>
      <object_component id="oc-df">
         <name>.common:head</name>
         <uninitialized>true</uninitialized>
         <run_address>0x200005d4</run_address>
         <size>0x4</size>
      </object_component>
      <object_component id="oc-e1">
         <name>.common:tail</name>
         <uninitialized>true</uninitialized>
         <run_address>0x200005ec</run_address>
         <size>0x4</size>
      </object_component>
      <object_component id="oc-280">
         <name>.common:parmbuf</name>
         <uninitialized>true</uninitialized>
         <run_address>0x200005b4</run_address>
         <size>0x8</size>
      </object_component>
      <object_component id="oc-24">
         <name>.sysmem</name>
         <uninitialized>true</uninitialized>
         <run_address>0x20000a00</run_address>
         <size>0x8</size>
         <input_file_ref idref="fl-165"/>
      </object_component>
      <object_component id="oc-2c5">
         <name>.sysmem</name>
         <uninitialized>true</uninitialized>
         <run_address>0x20000a00</run_address>
         <size>0x0</size>
      </object_component>
      <object_component id="oc-23">
         <name>.stack</name>
         <uninitialized>true</uninitialized>
         <run_address>0x200005fc</run_address>
         <size>0x0</size>
         <input_file_ref idref="fl-138"/>
      </object_component>
      <object_component id="oc-2c4">
         <name>.stack</name>
         <uninitialized>true</uninitialized>
         <run_address>0x200005fc</run_address>
         <size>0x0</size>
      </object_component>
      <object_component id="oc-f">
         <name>.debug_info</name>
         <load_address>0x0</load_address>
         <run_address>0x0</run_address>
         <size>0xcd</size>
         <input_file_ref idref="fl-7"/>
      </object_component>
      <object_component id="oc-12">
         <name>.debug_info</name>
         <load_address>0xcd</load_address>
         <run_address>0xcd</run_address>
         <size>0xf3</size>
         <input_file_ref idref="fl-138"/>
      </object_component>
      <object_component id="oc-17">
         <name>.debug_info</name>
         <load_address>0x1c0</load_address>
         <run_address>0x1c0</run_address>
         <size>0x194</size>
         <input_file_ref idref="fl-139"/>
      </object_component>
      <object_component id="oc-1c">
         <name>.debug_info</name>
         <load_address>0x354</load_address>
         <run_address>0x354</run_address>
         <size>0x16a</size>
         <input_file_ref idref="fl-13b"/>
      </object_component>
      <object_component id="oc-21">
         <name>.debug_info</name>
         <load_address>0x4be</load_address>
         <run_address>0x4be</run_address>
         <size>0x18e</size>
         <input_file_ref idref="fl-13a"/>
      </object_component>
      <object_component id="oc-25">
         <name>.debug_info</name>
         <load_address>0x64c</load_address>
         <run_address>0x64c</run_address>
         <size>0xb6</size>
         <input_file_ref idref="fl-165"/>
      </object_component>
      <object_component id="oc-28">
         <name>.debug_info</name>
         <load_address>0x702</load_address>
         <run_address>0x702</run_address>
         <size>0x220</size>
         <input_file_ref idref="fl-7"/>
      </object_component>
      <object_component id="oc-2e">
         <name>.debug_info</name>
         <load_address>0x922</load_address>
         <run_address>0x922</run_address>
         <size>0x197</size>
         <input_file_ref idref="fl-4"/>
      </object_component>
      <object_component id="oc-31">
         <name>.debug_info</name>
         <load_address>0xab9</load_address>
         <run_address>0xab9</run_address>
         <size>0x3b6</size>
         <input_file_ref idref="fl-2"/>
      </object_component>
      <object_component id="oc-37">
         <name>.debug_info</name>
         <load_address>0xe6f</load_address>
         <run_address>0xe6f</run_address>
         <size>0x12e</size>
         <input_file_ref idref="fl-7"/>
      </object_component>
      <object_component id="oc-3b">
         <name>.debug_info</name>
         <load_address>0xf9d</load_address>
         <run_address>0xf9d</run_address>
         <size>0x13d</size>
         <input_file_ref idref="fl-144"/>
      </object_component>
      <object_component id="oc-3e">
         <name>.debug_info</name>
         <load_address>0x10da</load_address>
         <run_address>0x10da</run_address>
         <size>0x11c</size>
         <input_file_ref idref="fl-142"/>
      </object_component>
      <object_component id="oc-44">
         <name>.debug_info</name>
         <load_address>0x11f6</load_address>
         <run_address>0x11f6</run_address>
         <size>0x1c2</size>
         <input_file_ref idref="fl-13c"/>
      </object_component>
      <object_component id="oc-47">
         <name>.debug_info</name>
         <load_address>0x13b8</load_address>
         <run_address>0x13b8</run_address>
         <size>0xbe</size>
         <input_file_ref idref="fl-13f"/>
      </object_component>
      <object_component id="oc-4a">
         <name>.debug_info</name>
         <load_address>0x1476</load_address>
         <run_address>0x1476</run_address>
         <size>0xcc</size>
         <input_file_ref idref="fl-13d"/>
      </object_component>
      <object_component id="oc-4e">
         <name>.debug_info</name>
         <load_address>0x1542</load_address>
         <run_address>0x1542</run_address>
         <size>0x46</size>
         <input_file_ref idref="fl-139"/>
      </object_component>
      <object_component id="oc-53">
         <name>.debug_info</name>
         <load_address>0x1588</load_address>
         <run_address>0x1588</run_address>
         <size>0xf2</size>
         <input_file_ref idref="fl-139"/>
      </object_component>
      <object_component id="oc-55">
         <name>.debug_info</name>
         <load_address>0x167a</load_address>
         <run_address>0x167a</run_address>
         <size>0x46</size>
         <input_file_ref idref="fl-13b"/>
      </object_component>
      <object_component id="oc-5a">
         <name>.debug_info</name>
         <load_address>0x16c0</load_address>
         <run_address>0x16c0</run_address>
         <size>0xad</size>
         <input_file_ref idref="fl-13b"/>
      </object_component>
      <object_component id="oc-5d">
         <name>.debug_info</name>
         <load_address>0x176d</load_address>
         <run_address>0x176d</run_address>
         <size>0x1ef</size>
         <input_file_ref idref="fl-13a"/>
      </object_component>
      <object_component id="oc-61">
         <name>.debug_info</name>
         <load_address>0x195c</load_address>
         <run_address>0x195c</run_address>
         <size>0xb7</size>
         <input_file_ref idref="fl-13a"/>
      </object_component>
      <object_component id="oc-62">
         <name>.debug_info</name>
         <load_address>0x1a13</load_address>
         <run_address>0x1a13</run_address>
         <size>0x39</size>
         <input_file_ref idref="fl-13a"/>
      </object_component>
      <object_component id="oc-69">
         <name>.debug_info</name>
         <load_address>0x1a4c</load_address>
         <run_address>0x1a4c</run_address>
         <size>0x1d7</size>
         <input_file_ref idref="fl-165"/>
      </object_component>
      <object_component id="oc-6f">
         <name>.debug_info</name>
         <load_address>0x1c23</load_address>
         <run_address>0x1c23</run_address>
         <size>0x26d</size>
         <input_file_ref idref="fl-13e"/>
      </object_component>
      <object_component id="oc-72">
         <name>.debug_info</name>
         <load_address>0x1e90</load_address>
         <run_address>0x1e90</run_address>
         <size>0x370</size>
         <input_file_ref idref="fl-b"/>
      </object_component>
      <object_component id="oc-78">
         <name>.debug_info</name>
         <load_address>0x2200</load_address>
         <run_address>0x2200</run_address>
         <size>0x7b7</size>
         <input_file_ref idref="fl-9"/>
      </object_component>
      <object_component id="oc-7c">
         <name>.debug_info</name>
         <load_address>0x29b7</load_address>
         <run_address>0x29b7</run_address>
         <size>0x977</size>
         <input_file_ref idref="fl-a"/>
      </object_component>
      <object_component id="oc-80">
         <name>.debug_info</name>
         <load_address>0x332e</load_address>
         <run_address>0x332e</run_address>
         <size>0x84</size>
         <input_file_ref idref="fl-2"/>
      </object_component>
      <object_component id="oc-86">
         <name>.debug_info</name>
         <load_address>0x33b2</load_address>
         <run_address>0x33b2</run_address>
         <size>0x1c6</size>
         <input_file_ref idref="fl-2"/>
      </object_component>
      <object_component id="oc-8a">
         <name>.debug_info</name>
         <load_address>0x3578</load_address>
         <run_address>0x3578</run_address>
         <size>0x18b</size>
         <input_file_ref idref="fl-7"/>
      </object_component>
      <object_component id="oc-91">
         <name>.debug_info</name>
         <load_address>0x3703</load_address>
         <run_address>0x3703</run_address>
         <size>0x14b</size>
         <input_file_ref idref="fl-145"/>
      </object_component>
      <object_component id="oc-97">
         <name>.debug_info</name>
         <load_address>0x384e</load_address>
         <run_address>0x384e</run_address>
         <size>0x21b</size>
         <input_file_ref idref="fl-6"/>
      </object_component>
      <object_component id="oc-9b">
         <name>.debug_info</name>
         <load_address>0x3a69</load_address>
         <run_address>0x3a69</run_address>
         <size>0x11b</size>
         <input_file_ref idref="fl-142"/>
      </object_component>
      <object_component id="oc-9d">
         <name>.debug_info</name>
         <load_address>0x3b84</load_address>
         <run_address>0x3b84</run_address>
         <size>0xc8</size>
         <input_file_ref idref="fl-140"/>
      </object_component>
      <object_component id="oc-9f">
         <name>.debug_info</name>
         <load_address>0x3c4c</load_address>
         <run_address>0x3c4c</run_address>
         <size>0xeb</size>
         <input_file_ref idref="fl-13c"/>
      </object_component>
      <object_component id="oc-a1">
         <name>.debug_info</name>
         <load_address>0x3d37</load_address>
         <run_address>0x3d37</run_address>
         <size>0x146</size>
         <input_file_ref idref="fl-13c"/>
      </object_component>
      <object_component id="oc-a5">
         <name>.debug_info</name>
         <load_address>0x3e7d</load_address>
         <run_address>0x3e7d</run_address>
         <size>0x2c</size>
         <input_file_ref idref="fl-139"/>
      </object_component>
      <object_component id="oc-ac">
         <name>.debug_info</name>
         <load_address>0x3ea9</load_address>
         <run_address>0x3ea9</run_address>
         <size>0x2c</size>
         <input_file_ref idref="fl-13b"/>
      </object_component>
      <object_component id="oc-b8">
         <name>.debug_info</name>
         <load_address>0x3ed5</load_address>
         <run_address>0x3ed5</run_address>
         <size>0x2c</size>
         <input_file_ref idref="fl-164"/>
      </object_component>
      <object_component id="oc-bd">
         <name>.debug_info</name>
         <load_address>0x3f01</load_address>
         <run_address>0x3f01</run_address>
         <size>0x62</size>
         <input_file_ref idref="fl-165"/>
      </object_component>
      <object_component id="oc-c4">
         <name>.debug_info</name>
         <load_address>0x3f63</load_address>
         <run_address>0x3f63</run_address>
         <size>0x286</size>
         <input_file_ref idref="fl-14d"/>
      </object_component>
      <object_component id="oc-c8">
         <name>.debug_info</name>
         <load_address>0x41e9</load_address>
         <run_address>0x41e9</run_address>
         <size>0x31f</size>
         <input_file_ref idref="fl-14e"/>
      </object_component>
      <object_component id="oc-d0">
         <name>.debug_info</name>
         <load_address>0x4508</load_address>
         <run_address>0x4508</run_address>
         <size>0x128e</size>
         <input_file_ref idref="fl-141"/>
      </object_component>
      <object_component id="oc-d2">
         <name>.debug_info</name>
         <load_address>0x5796</load_address>
         <run_address>0x5796</run_address>
         <size>0xac</size>
         <input_file_ref idref="fl-147"/>
      </object_component>
      <object_component id="oc-d4">
         <name>.debug_info</name>
         <load_address>0x5842</load_address>
         <run_address>0x5842</run_address>
         <size>0x1eb</size>
         <input_file_ref idref="fl-13e"/>
      </object_component>
      <object_component id="oc-d5">
         <name>.debug_info</name>
         <load_address>0x5a2d</load_address>
         <run_address>0x5a2d</run_address>
         <size>0x4e</size>
         <input_file_ref idref="fl-2"/>
      </object_component>
      <object_component id="oc-de">
         <name>.debug_info</name>
         <load_address>0x5a7b</load_address>
         <run_address>0x5a7b</run_address>
         <size>0x4cd</size>
         <input_file_ref idref="fl-5"/>
      </object_component>
      <object_component id="oc-e0">
         <name>.debug_info</name>
         <load_address>0x5f48</load_address>
         <run_address>0x5f48</run_address>
         <size>0x174</size>
         <input_file_ref idref="fl-b"/>
      </object_component>
      <object_component id="oc-e4">
         <name>.debug_info</name>
         <load_address>0x60bc</load_address>
         <run_address>0x60bc</run_address>
         <size>0x2c</size>
         <input_file_ref idref="fl-2"/>
      </object_component>
      <object_component id="oc-ea">
         <name>.debug_info</name>
         <load_address>0x60e8</load_address>
         <run_address>0x60e8</run_address>
         <size>0x1a9</size>
         <input_file_ref idref="fl-9"/>
      </object_component>
      <object_component id="oc-ef">
         <name>.debug_info</name>
         <load_address>0x6291</load_address>
         <run_address>0x6291</run_address>
         <size>0x494</size>
         <input_file_ref idref="fl-a"/>
      </object_component>
      <object_component id="oc-f2">
         <name>.debug_info</name>
         <load_address>0x6725</load_address>
         <run_address>0x6725</run_address>
         <size>0x54d</size>
         <input_file_ref idref="fl-8"/>
      </object_component>
      <object_component id="oc-114">
         <name>.debug_info</name>
         <load_address>0x6c72</load_address>
         <run_address>0x6c72</run_address>
         <size>0x148</size>
         <input_file_ref idref="fl-145"/>
      </object_component>
      <object_component id="oc-118">
         <name>.debug_info</name>
         <load_address>0x6dba</load_address>
         <run_address>0x6dba</run_address>
         <size>0x82d</size>
         <input_file_ref idref="fl-3"/>
      </object_component>
      <object_component id="oc-11d">
         <name>.debug_info</name>
         <load_address>0x75e7</load_address>
         <run_address>0x75e7</run_address>
         <size>0x5e</size>
         <input_file_ref idref="fl-142"/>
      </object_component>
      <object_component id="oc-123">
         <name>.debug_info</name>
         <load_address>0x7645</load_address>
         <run_address>0x7645</run_address>
         <size>0x1d4</size>
         <input_file_ref idref="fl-140"/>
      </object_component>
      <object_component id="oc-129">
         <name>.debug_info</name>
         <load_address>0x7819</load_address>
         <run_address>0x7819</run_address>
         <size>0xd9</size>
         <input_file_ref idref="fl-140"/>
      </object_component>
      <object_component id="oc-12f">
         <name>.debug_info</name>
         <load_address>0x78f2</load_address>
         <run_address>0x78f2</run_address>
         <size>0x1e5</size>
         <input_file_ref idref="fl-15f"/>
      </object_component>
      <object_component id="oc-135">
         <name>.debug_info</name>
         <load_address>0x7ad7</load_address>
         <run_address>0x7ad7</run_address>
         <size>0x20f</size>
         <input_file_ref idref="fl-160"/>
      </object_component>
      <object_component id="oc-13b">
         <name>.debug_info</name>
         <load_address>0x7ce6</load_address>
         <run_address>0x7ce6</run_address>
         <size>0xb71</size>
         <input_file_ref idref="fl-151"/>
      </object_component>
      <object_component id="oc-13e">
         <name>.debug_info</name>
         <load_address>0x8857</load_address>
         <run_address>0x8857</run_address>
         <size>0x193</size>
         <input_file_ref idref="fl-14d"/>
      </object_component>
      <object_component id="oc-141">
         <name>.debug_info</name>
         <load_address>0x89ea</load_address>
         <run_address>0x89ea</run_address>
         <size>0x153</size>
         <input_file_ref idref="fl-158"/>
      </object_component>
      <object_component id="oc-145">
         <name>.debug_info</name>
         <load_address>0x8b3d</load_address>
         <run_address>0x8b3d</run_address>
         <size>0x16b</size>
         <input_file_ref idref="fl-154"/>
      </object_component>
      <object_component id="oc-14a">
         <name>.debug_info</name>
         <load_address>0x8ca8</load_address>
         <run_address>0x8ca8</run_address>
         <size>0x224</size>
         <input_file_ref idref="fl-14e"/>
      </object_component>
      <object_component id="oc-14c">
         <name>.debug_info</name>
         <load_address>0x8ecc</load_address>
         <run_address>0x8ecc</run_address>
         <size>0x13a</size>
         <input_file_ref idref="fl-15c"/>
      </object_component>
      <object_component id="oc-151">
         <name>.debug_info</name>
         <load_address>0x9006</load_address>
         <run_address>0x9006</run_address>
         <size>0xd5</size>
         <input_file_ref idref="fl-150"/>
      </object_component>
      <object_component id="oc-156">
         <name>.debug_info</name>
         <load_address>0x90db</load_address>
         <run_address>0x90db</run_address>
         <size>0xdb</size>
         <input_file_ref idref="fl-149"/>
      </object_component>
      <object_component id="oc-158">
         <name>.debug_info</name>
         <load_address>0x91b6</load_address>
         <run_address>0x91b6</run_address>
         <size>0xed</size>
         <input_file_ref idref="fl-14b"/>
      </object_component>
      <object_component id="oc-15e">
         <name>.debug_info</name>
         <load_address>0x92a3</load_address>
         <run_address>0x92a3</run_address>
         <size>0xed</size>
         <input_file_ref idref="fl-14a"/>
      </object_component>
      <object_component id="oc-162">
         <name>.debug_info</name>
         <load_address>0x9390</load_address>
         <run_address>0x9390</run_address>
         <size>0xdd</size>
         <input_file_ref idref="fl-149"/>
      </object_component>
      <object_component id="oc-164">
         <name>.debug_info</name>
         <load_address>0x946d</load_address>
         <run_address>0x946d</run_address>
         <size>0xe1</size>
         <input_file_ref idref="fl-14c"/>
      </object_component>
      <object_component id="oc-168">
         <name>.debug_info</name>
         <load_address>0x954e</load_address>
         <run_address>0x954e</run_address>
         <size>0x177</size>
         <input_file_ref idref="fl-152"/>
      </object_component>
      <object_component id="oc-16d">
         <name>.debug_info</name>
         <load_address>0x96c5</load_address>
         <run_address>0x96c5</run_address>
         <size>0xdf</size>
         <input_file_ref idref="fl-14f"/>
      </object_component>
      <object_component id="oc-171">
         <name>.debug_info</name>
         <load_address>0x97a4</load_address>
         <run_address>0x97a4</run_address>
         <size>0xff</size>
         <input_file_ref idref="fl-148"/>
      </object_component>
      <object_component id="oc-176">
         <name>.debug_info</name>
         <load_address>0x98a3</load_address>
         <run_address>0x98a3</run_address>
         <size>0xfc</size>
         <input_file_ref idref="fl-155"/>
      </object_component>
      <object_component id="oc-17b">
         <name>.debug_info</name>
         <load_address>0x999f</load_address>
         <run_address>0x999f</run_address>
         <size>0x110</size>
         <input_file_ref idref="fl-15d"/>
      </object_component>
      <object_component id="oc-180">
         <name>.debug_info</name>
         <load_address>0x9aaf</load_address>
         <run_address>0x9aaf</run_address>
         <size>0x160</size>
         <input_file_ref idref="fl-153"/>
      </object_component>
      <object_component id="oc-185">
         <name>.debug_info</name>
         <load_address>0x9c0f</load_address>
         <run_address>0x9c0f</run_address>
         <size>0x126</size>
         <input_file_ref idref="fl-143"/>
      </object_component>
      <object_component id="oc-188">
         <name>.debug_info</name>
         <load_address>0x9d35</load_address>
         <run_address>0x9d35</run_address>
         <size>0x26b</size>
         <input_file_ref idref="fl-141"/>
      </object_component>
      <object_component id="oc-189">
         <name>.debug_info</name>
         <load_address>0x9fa0</load_address>
         <run_address>0x9fa0</run_address>
         <size>0x86</size>
         <input_file_ref idref="fl-141"/>
      </object_component>
      <object_component id="oc-18e">
         <name>.debug_info</name>
         <load_address>0xa026</load_address>
         <run_address>0xa026</run_address>
         <size>0x39</size>
         <input_file_ref idref="fl-141"/>
      </object_component>
      <object_component id="oc-195">
         <name>.debug_info</name>
         <load_address>0xa05f</load_address>
         <run_address>0xa05f</run_address>
         <size>0xc5</size>
         <input_file_ref idref="fl-147"/>
      </object_component>
      <object_component id="oc-198">
         <name>.debug_info</name>
         <load_address>0xa124</load_address>
         <run_address>0xa124</run_address>
         <size>0xae</size>
         <input_file_ref idref="fl-13e"/>
      </object_component>
      <object_component id="oc-19e">
         <name>.debug_info</name>
         <load_address>0xa1d2</load_address>
         <run_address>0xa1d2</run_address>
         <size>0xc9</size>
         <input_file_ref idref="fl-5"/>
      </object_component>
      <object_component id="oc-1a0">
         <name>.debug_info</name>
         <load_address>0xa29b</load_address>
         <run_address>0xa29b</run_address>
         <size>0x169</size>
         <input_file_ref idref="fl-5"/>
      </object_component>
      <object_component id="oc-1aa">
         <name>.debug_info</name>
         <load_address>0xa404</load_address>
         <run_address>0xa404</run_address>
         <size>0x55</size>
         <input_file_ref idref="fl-2"/>
      </object_component>
      <object_component id="oc-1b3">
         <name>.debug_info</name>
         <load_address>0xa459</load_address>
         <run_address>0xa459</run_address>
         <size>0xd8</size>
         <input_file_ref idref="fl-2"/>
      </object_component>
      <object_component id="oc-1b9">
         <name>.debug_info</name>
         <load_address>0xa531</load_address>
         <run_address>0xa531</run_address>
         <size>0x182</size>
         <input_file_ref idref="fl-8"/>
      </object_component>
      <object_component id="oc-1bb">
         <name>.debug_info</name>
         <load_address>0xa6b3</load_address>
         <run_address>0xa6b3</run_address>
         <size>0x10c</size>
         <input_file_ref idref="fl-8"/>
      </object_component>
      <object_component id="oc-1be">
         <name>.debug_info</name>
         <load_address>0xa7bf</load_address>
         <run_address>0xa7bf</run_address>
         <size>0xcd</size>
         <input_file_ref idref="fl-145"/>
      </object_component>
      <object_component id="oc-1c8">
         <name>.debug_info</name>
         <load_address>0xa88c</load_address>
         <run_address>0xa88c</run_address>
         <size>0x196</size>
         <input_file_ref idref="fl-161"/>
      </object_component>
      <object_component id="oc-1cd">
         <name>.debug_info</name>
         <load_address>0xaa22</load_address>
         <run_address>0xaa22</run_address>
         <size>0x1b5</size>
         <input_file_ref idref="fl-162"/>
      </object_component>
      <object_component id="oc-1d2">
         <name>.debug_info</name>
         <load_address>0xabd7</load_address>
         <run_address>0xabd7</run_address>
         <size>0x106</size>
         <input_file_ref idref="fl-15f"/>
      </object_component>
      <object_component id="oc-1d4">
         <name>.debug_info</name>
         <load_address>0xacdd</load_address>
         <run_address>0xacdd</run_address>
         <size>0x139</size>
         <input_file_ref idref="fl-147"/>
      </object_component>
      <object_component id="oc-1d6">
         <name>.debug_info</name>
         <load_address>0xae16</load_address>
         <run_address>0xae16</run_address>
         <size>0x157</size>
         <input_file_ref idref="fl-160"/>
      </object_component>
      <object_component id="oc-1db">
         <name>.debug_info</name>
         <load_address>0xaf6d</load_address>
         <run_address>0xaf6d</run_address>
         <size>0x17e</size>
         <input_file_ref idref="fl-157"/>
      </object_component>
      <object_component id="oc-1df">
         <name>.debug_info</name>
         <load_address>0xb0eb</load_address>
         <run_address>0xb0eb</run_address>
         <size>0x16d</size>
         <input_file_ref idref="fl-156"/>
      </object_component>
      <object_component id="oc-1e2">
         <name>.debug_info</name>
         <load_address>0xb258</load_address>
         <run_address>0xb258</run_address>
         <size>0x182</size>
         <input_file_ref idref="fl-159"/>
      </object_component>
      <object_component id="oc-1e7">
         <name>.debug_info</name>
         <load_address>0xb3da</load_address>
         <run_address>0xb3da</run_address>
         <size>0xcb</size>
         <input_file_ref idref="fl-151"/>
      </object_component>
      <object_component id="oc-1e9">
         <name>.debug_info</name>
         <load_address>0xb4a5</load_address>
         <run_address>0xb4a5</run_address>
         <size>0x45a</size>
         <input_file_ref idref="fl-151"/>
      </object_component>
      <object_component id="oc-1ea">
         <name>.debug_info</name>
         <load_address>0xb8ff</load_address>
         <run_address>0xb8ff</run_address>
         <size>0x2c</size>
         <input_file_ref idref="fl-151"/>
      </object_component>
      <object_component id="oc-1f2">
         <name>.debug_info</name>
         <load_address>0xb92b</load_address>
         <run_address>0xb92b</run_address>
         <size>0x9f</size>
         <input_file_ref idref="fl-158"/>
      </object_component>
      <object_component id="oc-1f4">
         <name>.debug_info</name>
         <load_address>0xb9ca</load_address>
         <run_address>0xb9ca</run_address>
         <size>0xb5</size>
         <input_file_ref idref="fl-154"/>
      </object_component>
      <object_component id="oc-1ff">
         <name>.debug_info</name>
         <load_address>0xba7f</load_address>
         <run_address>0xba7f</run_address>
         <size>0x101</size>
         <input_file_ref idref="fl-152"/>
      </object_component>
      <object_component id="oc-204">
         <name>.debug_info</name>
         <load_address>0xbb80</load_address>
         <run_address>0xbb80</run_address>
         <size>0x10f</size>
         <input_file_ref idref="fl-15e"/>
      </object_component>
      <object_component id="oc-20a">
         <name>.debug_info</name>
         <load_address>0xbc8f</load_address>
         <run_address>0xbc8f</run_address>
         <size>0xa6</size>
         <input_file_ref idref="fl-153"/>
      </object_component>
      <object_component id="oc-20c">
         <name>.debug_info</name>
         <load_address>0xbd35</load_address>
         <run_address>0xbd35</run_address>
         <size>0xaf</size>
         <input_file_ref idref="fl-146"/>
      </object_component>
      <object_component id="oc-20e">
         <name>.debug_info</name>
         <load_address>0xbde4</load_address>
         <run_address>0xbde4</run_address>
         <size>0xc5</size>
         <input_file_ref idref="fl-143"/>
      </object_component>
      <object_component id="oc-211">
         <name>.debug_info</name>
         <load_address>0xbea9</load_address>
         <run_address>0xbea9</run_address>
         <size>0x2c</size>
         <input_file_ref idref="fl-141"/>
      </object_component>
      <object_component id="oc-216">
         <name>.debug_info</name>
         <load_address>0xbed5</load_address>
         <run_address>0xbed5</run_address>
         <size>0x46</size>
         <input_file_ref idref="fl-141"/>
      </object_component>
      <object_component id="oc-226">
         <name>.debug_info</name>
         <load_address>0xbf1b</load_address>
         <run_address>0xbf1b</run_address>
         <size>0x134</size>
         <input_file_ref idref="fl-161"/>
      </object_component>
      <object_component id="oc-228">
         <name>.debug_info</name>
         <load_address>0xc04f</load_address>
         <run_address>0xc04f</run_address>
         <size>0x855</size>
         <input_file_ref idref="fl-165"/>
      </object_component>
      <object_component id="oc-22f">
         <name>.debug_info</name>
         <load_address>0xc8a4</load_address>
         <run_address>0xc8a4</run_address>
         <size>0x40a</size>
         <input_file_ref idref="fl-164"/>
      </object_component>
      <object_component id="oc-232">
         <name>.debug_info</name>
         <load_address>0xccae</load_address>
         <run_address>0xccae</run_address>
         <size>0x175</size>
         <input_file_ref idref="fl-162"/>
      </object_component>
      <object_component id="oc-233">
         <name>.debug_info</name>
         <load_address>0xce23</load_address>
         <run_address>0xce23</run_address>
         <size>0xbb</size>
         <input_file_ref idref="fl-15f"/>
      </object_component>
      <object_component id="oc-23f">
         <name>.debug_info</name>
         <load_address>0xcede</load_address>
         <run_address>0xcede</run_address>
         <size>0x9a</size>
         <input_file_ref idref="fl-157"/>
      </object_component>
      <object_component id="oc-241">
         <name>.debug_info</name>
         <load_address>0xcf78</load_address>
         <run_address>0xcf78</run_address>
         <size>0xaa</size>
         <input_file_ref idref="fl-156"/>
      </object_component>
      <object_component id="oc-243">
         <name>.debug_info</name>
         <load_address>0xd022</load_address>
         <run_address>0xd022</run_address>
         <size>0xab</size>
         <input_file_ref idref="fl-159"/>
      </object_component>
      <object_component id="oc-246">
         <name>.debug_info</name>
         <load_address>0xd0cd</load_address>
         <run_address>0xd0cd</run_address>
         <size>0x9e2</size>
         <input_file_ref idref="fl-15a"/>
      </object_component>
      <object_component id="oc-24d">
         <name>.debug_info</name>
         <load_address>0xdaaf</load_address>
         <run_address>0xdaaf</run_address>
         <size>0x120</size>
         <input_file_ref idref="fl-151"/>
      </object_component>
      <object_component id="oc-259">
         <name>.debug_info</name>
         <load_address>0xdbcf</load_address>
         <run_address>0xdbcf</run_address>
         <size>0x9a</size>
         <input_file_ref idref="fl-15e"/>
      </object_component>
      <object_component id="oc-25e">
         <name>.debug_info</name>
         <load_address>0xdc69</load_address>
         <run_address>0xdc69</run_address>
         <size>0xa3</size>
         <input_file_ref idref="fl-146"/>
      </object_component>
      <object_component id="oc-264">
         <name>.debug_info</name>
         <load_address>0xdd0c</load_address>
         <run_address>0xdd0c</run_address>
         <size>0x101</size>
         <input_file_ref idref="fl-165"/>
      </object_component>
      <object_component id="oc-267">
         <name>.debug_info</name>
         <load_address>0xde0d</load_address>
         <run_address>0xde0d</run_address>
         <size>0x24d</size>
         <input_file_ref idref="fl-166"/>
      </object_component>
      <object_component id="oc-26d">
         <name>.debug_info</name>
         <load_address>0xe05a</load_address>
         <run_address>0xe05a</run_address>
         <size>0x1f1</size>
         <input_file_ref idref="fl-164"/>
      </object_component>
      <object_component id="oc-27a">
         <name>.debug_info</name>
         <load_address>0xe24b</load_address>
         <run_address>0xe24b</run_address>
         <size>0x236</size>
         <input_file_ref idref="fl-15b"/>
      </object_component>
      <object_component id="oc-27e">
         <name>.debug_info</name>
         <load_address>0xe481</load_address>
         <run_address>0xe481</run_address>
         <size>0x169</size>
         <input_file_ref idref="fl-163"/>
      </object_component>
      <object_component id="oc-281">
         <name>.debug_info</name>
         <load_address>0xe5ea</load_address>
         <run_address>0xe5ea</run_address>
         <size>0x1ef</size>
         <input_file_ref idref="fl-15a"/>
      </object_component>
      <object_component id="oc-283">
         <name>.debug_info</name>
         <load_address>0xe7d9</load_address>
         <run_address>0xe7d9</run_address>
         <size>0x39</size>
         <input_file_ref idref="fl-15a"/>
      </object_component>
      <object_component id="oc-28f">
         <name>.debug_info</name>
         <load_address>0xe812</load_address>
         <run_address>0xe812</run_address>
         <size>0xb6</size>
         <input_file_ref idref="fl-147"/>
      </object_component>
      <object_component id="oc-291">
         <name>.debug_info</name>
         <load_address>0xe8c8</load_address>
         <run_address>0xe8c8</run_address>
         <size>0x1b5</size>
         <input_file_ref idref="fl-166"/>
      </object_component>
      <object_component id="oc-295">
         <name>.debug_info</name>
         <load_address>0xea7d</load_address>
         <run_address>0xea7d</run_address>
         <size>0xb2</size>
         <input_file_ref idref="fl-15b"/>
      </object_component>
      <object_component id="oc-297">
         <name>.debug_info</name>
         <load_address>0xeb2f</load_address>
         <run_address>0xeb2f</run_address>
         <size>0xca</size>
         <input_file_ref idref="fl-15b"/>
      </object_component>
      <object_component id="oc-299">
         <name>.debug_info</name>
         <load_address>0xebf9</load_address>
         <run_address>0xebf9</run_address>
         <size>0xaa</size>
         <input_file_ref idref="fl-163"/>
      </object_component>
      <object_component id="oc-2c6">
         <name>.debug_info</name>
         <load_address>0xeca3</load_address>
         <run_address>0xeca3</run_address>
         <size>0x8b</size>
      </object_component>
      <object_component id="oc-11">
         <name>.debug_aranges</name>
         <load_address>0x0</load_address>
         <run_address>0x0</run_address>
         <size>0x20</size>
         <input_file_ref idref="fl-138"/>
      </object_component>
      <object_component id="oc-18">
         <name>.debug_aranges</name>
         <load_address>0x20</load_address>
         <run_address>0x20</run_address>
         <size>0x20</size>
         <input_file_ref idref="fl-139"/>
      </object_component>
      <object_component id="oc-1d">
         <name>.debug_aranges</name>
         <load_address>0x40</load_address>
         <run_address>0x40</run_address>
         <size>0x20</size>
         <input_file_ref idref="fl-13b"/>
      </object_component>
      <object_component id="oc-22">
         <name>.debug_aranges</name>
         <load_address>0x60</load_address>
         <run_address>0x60</run_address>
         <size>0x20</size>
         <input_file_ref idref="fl-13a"/>
      </object_component>
      <object_component id="oc-27">
         <name>.debug_aranges</name>
         <load_address>0x80</load_address>
         <run_address>0x80</run_address>
         <size>0x38</size>
         <input_file_ref idref="fl-7"/>
      </object_component>
      <object_component id="oc-2f">
         <name>.debug_aranges</name>
         <load_address>0xb8</load_address>
         <run_address>0xb8</run_address>
         <size>0x28</size>
         <input_file_ref idref="fl-4"/>
      </object_component>
      <object_component id="oc-34">
         <name>.debug_aranges</name>
         <load_address>0xe0</load_address>
         <run_address>0xe0</run_address>
         <size>0x50</size>
         <input_file_ref idref="fl-2"/>
      </object_component>
      <object_component id="oc-39">
         <name>.debug_aranges</name>
         <load_address>0x130</load_address>
         <run_address>0x130</run_address>
         <size>0x28</size>
         <input_file_ref idref="fl-144"/>
      </object_component>
      <object_component id="oc-3d">
         <name>.debug_aranges</name>
         <load_address>0x158</load_address>
         <run_address>0x158</run_address>
         <size>0x20</size>
         <input_file_ref idref="fl-142"/>
      </object_component>
      <object_component id="oc-42">
         <name>.debug_aranges</name>
         <load_address>0x178</load_address>
         <run_address>0x178</run_address>
         <size>0x30</size>
         <input_file_ref idref="fl-13c"/>
      </object_component>
      <object_component id="oc-4c">
         <name>.debug_aranges</name>
         <load_address>0x1a8</load_address>
         <run_address>0x1a8</run_address>
         <size>0x20</size>
         <input_file_ref idref="fl-13d"/>
      </object_component>
      <object_component id="oc-5f">
         <name>.debug_aranges</name>
         <load_address>0x1c8</load_address>
         <run_address>0x1c8</run_address>
         <size>0x20</size>
         <input_file_ref idref="fl-13a"/>
      </object_component>
      <object_component id="oc-6c">
         <name>.debug_aranges</name>
         <load_address>0x1e8</load_address>
         <run_address>0x1e8</run_address>
         <size>0x30</size>
         <input_file_ref idref="fl-13e"/>
      </object_component>
      <object_component id="oc-74">
         <name>.debug_aranges</name>
         <load_address>0x218</load_address>
         <run_address>0x218</run_address>
         <size>0x38</size>
         <input_file_ref idref="fl-b"/>
      </object_component>
      <object_component id="oc-79">
         <name>.debug_aranges</name>
         <load_address>0x250</load_address>
         <run_address>0x250</run_address>
         <size>0x78</size>
         <input_file_ref idref="fl-9"/>
      </object_component>
      <object_component id="oc-7d">
         <name>.debug_aranges</name>
         <load_address>0x2c8</load_address>
         <run_address>0x2c8</run_address>
         <size>0x68</size>
         <input_file_ref idref="fl-a"/>
      </object_component>
      <object_component id="oc-93">
         <name>.debug_aranges</name>
         <load_address>0x330</load_address>
         <run_address>0x330</run_address>
         <size>0x20</size>
         <input_file_ref idref="fl-145"/>
      </object_component>
      <object_component id="oc-99">
         <name>.debug_aranges</name>
         <load_address>0x350</load_address>
         <run_address>0x350</run_address>
         <size>0x30</size>
         <input_file_ref idref="fl-6"/>
      </object_component>
      <object_component id="oc-c3">
         <name>.debug_aranges</name>
         <load_address>0x380</load_address>
         <run_address>0x380</run_address>
         <size>0x30</size>
         <input_file_ref idref="fl-14d"/>
      </object_component>
      <object_component id="oc-ca">
         <name>.debug_aranges</name>
         <load_address>0x3b0</load_address>
         <run_address>0x3b0</run_address>
         <size>0x28</size>
         <input_file_ref idref="fl-14e"/>
      </object_component>
      <object_component id="oc-cd">
         <name>.debug_aranges</name>
         <load_address>0x3d8</load_address>
         <run_address>0x3d8</run_address>
         <size>0x60</size>
         <input_file_ref idref="fl-141"/>
      </object_component>
      <object_component id="oc-dc">
         <name>.debug_aranges</name>
         <load_address>0x438</load_address>
         <run_address>0x438</run_address>
         <size>0x38</size>
         <input_file_ref idref="fl-5"/>
      </object_component>
      <object_component id="oc-f4">
         <name>.debug_aranges</name>
         <load_address>0x470</load_address>
         <run_address>0x470</run_address>
         <size>0x40</size>
         <input_file_ref idref="fl-8"/>
      </object_component>
      <object_component id="oc-116">
         <name>.debug_aranges</name>
         <load_address>0x4b0</load_address>
         <run_address>0x4b0</run_address>
         <size>0x58</size>
         <input_file_ref idref="fl-3"/>
      </object_component>
      <object_component id="oc-125">
         <name>.debug_aranges</name>
         <load_address>0x508</load_address>
         <run_address>0x508</run_address>
         <size>0x30</size>
         <input_file_ref idref="fl-140"/>
      </object_component>
      <object_component id="oc-132">
         <name>.debug_aranges</name>
         <load_address>0x538</load_address>
         <run_address>0x538</run_address>
         <size>0x28</size>
         <input_file_ref idref="fl-15f"/>
      </object_component>
      <object_component id="oc-137">
         <name>.debug_aranges</name>
         <load_address>0x560</load_address>
         <run_address>0x560</run_address>
         <size>0x28</size>
         <input_file_ref idref="fl-160"/>
      </object_component>
      <object_component id="oc-139">
         <name>.debug_aranges</name>
         <load_address>0x588</load_address>
         <run_address>0x588</run_address>
         <size>0x70</size>
         <input_file_ref idref="fl-151"/>
      </object_component>
      <object_component id="oc-140">
         <name>.debug_aranges</name>
         <load_address>0x5f8</load_address>
         <run_address>0x5f8</run_address>
         <size>0x20</size>
         <input_file_ref idref="fl-158"/>
      </object_component>
      <object_component id="oc-146">
         <name>.debug_aranges</name>
         <load_address>0x618</load_address>
         <run_address>0x618</run_address>
         <size>0x20</size>
         <input_file_ref idref="fl-154"/>
      </object_component>
      <object_component id="oc-14d">
         <name>.debug_aranges</name>
         <load_address>0x638</load_address>
         <run_address>0x638</run_address>
         <size>0x28</size>
         <input_file_ref idref="fl-15c"/>
      </object_component>
      <object_component id="oc-150">
         <name>.debug_aranges</name>
         <load_address>0x660</load_address>
         <run_address>0x660</run_address>
         <size>0x20</size>
         <input_file_ref idref="fl-150"/>
      </object_component>
      <object_component id="oc-154">
         <name>.debug_aranges</name>
         <load_address>0x680</load_address>
         <run_address>0x680</run_address>
         <size>0x20</size>
         <input_file_ref idref="fl-149"/>
      </object_component>
      <object_component id="oc-15a">
         <name>.debug_aranges</name>
         <load_address>0x6a0</load_address>
         <run_address>0x6a0</run_address>
         <size>0x20</size>
         <input_file_ref idref="fl-14b"/>
      </object_component>
      <object_component id="oc-15d">
         <name>.debug_aranges</name>
         <load_address>0x6c0</load_address>
         <run_address>0x6c0</run_address>
         <size>0x20</size>
         <input_file_ref idref="fl-14a"/>
      </object_component>
      <object_component id="oc-161">
         <name>.debug_aranges</name>
         <load_address>0x6e0</load_address>
         <run_address>0x6e0</run_address>
         <size>0x20</size>
         <input_file_ref idref="fl-149"/>
      </object_component>
      <object_component id="oc-166">
         <name>.debug_aranges</name>
         <load_address>0x700</load_address>
         <run_address>0x700</run_address>
         <size>0x20</size>
         <input_file_ref idref="fl-14c"/>
[...]
      </symbol>
      <symbol id="sm-277">
         <name>char_input</name>
         <value>0x200005cc</value>
      </symbol>
      <symbol id="sm-278">
         <name>enter_key</name>
         <value>0x200005d0</value>
      </symbol>
      <symbol id="sm-279">
         <name>convert_clock_to_string</name>
         <value>0x1683</value>
         <object_component_ref idref="oc-7a"/>
      </symbol>
      <symbol id="sm-27a">
         <name>generate_clock_string</name>
         <value>0x1783</value>
         <object_component_ref idref="oc-7a"/>
      </symbol>
      <symbol id="sm-27b">
         <name>generate_command_string</name>
         <value>0x18f9</value>
         <object_component_ref idref="oc-7a"/>
      </symbol>
      <symbol id="sm-27c">
         <name>print_st</name>
         <value>0xfd3</value>
         <object_component_ref idref="oc-7a"/>
      </symbol>
      <symbol id="sm-27d">
         <name>get_received_char</name>
         <value>0x101d</value>
         <object_component_ref idref="oc-7a"/>
      </symbol>
      <symbol id="sm-27e">
         <name>buffer_ready_TX_wait</name>
         <value>0x19b9</value>
         <object_component_ref idref="oc-7a"/>
      </symbol>
      <symbol id="sm-27f">
         <name>running</name>
         <value>0x19e3</value>
         <object_component_ref idref="oc-7a"/>
      </symbol>
      <symbol id="sm-280">
         <name>get_clock</name>
         <value>0x1655</value>
         <object_component_ref idref="oc-7a"/>
      </symbol>
      <symbol id="sm-281">
         <name>get_transmitting_char</name>
         <value>0x161d</value>
         <object_component_ref idref="oc-7a"/>
      </symbol>
      <symbol id="sm-282">
         <name>initialization_Control_Software</name>
         <value>0xf95</value>
         <object_component_ref idref="oc-7a"/>
      </symbol>
      <symbol id="sm-2a1">
         <name>array</name>
         <value>0x200005bc</value>
      </symbol>
      <symbol id="sm-2a2">
         <name>head</name>
         <value>0x200005d4</value>
      </symbol>
      <symbol id="sm-2a3">
         <name>tail</name>
         <value>0x200005ec</value>
      </symbol>
      <symbol id="sm-2a4">
         <name>enqueue</name>
         <value>0x353b</value>
         <object_component_ref idref="oc-70"/>
      </symbol>
      <symbol id="sm-2a5">
         <name>initialize_ACriticalRegion</name>
         <value>0x34c5</value>
         <object_component_ref idref="oc-70"/>
      </symbol>
      <symbol id="sm-2a6">
         <name>dequeue</name>
         <value>0x359f</value>
         <object_component_ref idref="oc-70"/>
      </symbol>
      <symbol id="sm-2a7">
         <name>printing_queue</name>
         <value>0x34ff</value>
         <object_component_ref idref="oc-70"/>
      </symbol>
      <symbol id="sm-2b5">
         <name>_c_int00</name>
         <value>0x4611</value>
         <object_component_ref idref="oc-10"/>
      </symbol>
      <symbol id="sm-2b6">
         <name>__stack</name>
         <value>0x200005fc</value>
         <object_component_ref idref="oc-23"/>
      </symbol>
      <symbol id="sm-2cc">
         <name>__TI_decompress_none</name>
         <value>0x477d</value>
         <object_component_ref idref="oc-14"/>
      </symbol>
      <symbol id="sm-2ee">
         <name>__TI_decompress_rle24</name>
         <value>0x47a5</value>
         <object_component_ref idref="oc-1e"/>
      </symbol>
      <symbol id="sm-306">
         <name>__TI_zero_init</name>
         <value>0x4759</value>
         <object_component_ref idref="oc-19"/>
      </symbol>
      <symbol id="sm-322">
         <name>C$$EXIT</name>
         <value>0x454d</value>
         <object_component_ref idref="oc-41"/>
      </symbol>
      <symbol id="sm-323">
         <name>abort</name>
         <value>0x4551</value>
         <object_component_ref idref="oc-41"/>
      </symbol>
      <symbol id="sm-324">
         <name>exit</name>
         <value>0x4559</value>
         <object_component_ref idref="oc-41"/>
      </symbol>
      <symbol id="sm-325">
         <name>__TI_dtors_ptr</name>
         <value>0x20001000</value>
         <object_component_ref idref="oc-9e"/>
      </symbol>
      <symbol id="sm-326">
         <name>__TI_cleanup_ptr</name>
         <value>0x20000ffc</value>
         <object_component_ref idref="oc-9e"/>
      </symbol>
      <symbol id="sm-340">
         <name>memcpy</name>
         <value>0x3ef5</value>
         <object_component_ref idref="oc-49"/>
      </symbol>
      <symbol id="sm-341">
         <name>__aeabi_memcpy</name>
         <value>0x3ef5</value>
         <object_component_ref idref="oc-49"/>
      </symbol>
      <symbol id="sm-342">
         <name>__aeabi_memcpy8</name>
         <value>0x3ef5</value>
         <object_component_ref idref="oc-49"/>
      </symbol>
      <symbol id="sm-343">
         <name>__aeabi_memcpy4</name>
         <value>0x3ef5</value>
         <object_component_ref idref="oc-49"/>
      </symbol>
      <symbol id="sm-360">
         <name>printf</name>
         <value>0x4239</value>
         <object_component_ref idref="oc-6b"/>
      </symbol>
      <symbol id="sm-367">
         <name>main_func_sp</name>
         <value>0x20001008</value>
         <object_component_ref idref="oc-46"/>
      </symbol>
      <symbol id="sm-37d">
         <name>_nop</name>
         <value>0x473f</value>
         <object_component_ref idref="oc-122"/>
      </symbol>
      <symbol id="sm-37e">
         <name>_lock</name>
         <value>0x20000ff4</value>
         <object_component_ref idref="oc-9c"/>
      </symbol>
      <symbol id="sm-37f">
         <name>_unlock</name>
         <value>0x20000ff8</value>
         <object_component_ref idref="oc-9c"/>
      </symbol>
      <symbol id="sm-380">
         <name>_register_lock</name>
         <value>0x4737</value>
         <object_component_ref idref="oc-122"/>
      </symbol>
      <symbol id="sm-381">
         <name>_register_unlock</name>
         <value>0x4731</value>
         <object_component_ref idref="oc-122"/>
      </symbol>
      <symbol id="sm-46f">
         <name>__TI_printfi</name>
         <value>0xc8b</value>
         <object_component_ref idref="oc-cc"/>
      </symbol>
      <symbol id="sm-482">
         <name>_args_main</name>
         <value>0x46bd</value>
         <object_component_ref idref="oc-3c"/>
      </symbol>
      <symbol id="sm-497">
         <name>atoi</name>
         <value>0x4475</value>
         <object_component_ref idref="oc-182"/>
      </symbol>
      <symbol id="sm-4b3">
         <name>__TI_auto_init</name>
         <value>0x4029</value>
         <object_component_ref idref="oc-38"/>
      </symbol>
      <symbol id="sm-4cb">
         <name>copy_in</name>
         <value>0x4509</value>
         <object_component_ref idref="oc-8f"/>
      </symbol>
      <symbol id="sm-4d5">
         <name>_ctypes_</name>
         <value>0x47aa</value>
         <object_component_ref idref="oc-20b"/>
      </symbol>
      <symbol id="sm-4eb">
         <name>__aeabi_stdout</name>
         <value>0x20000fe0</value>
         <object_component_ref idref="oc-1d3"/>
      </symbol>
      <symbol id="sm-4ec">
         <name>__TI_tmpnams</name>
         <value>0x20000500</value>
         <object_component_ref idref="oc-28e"/>
      </symbol>
      <symbol id="sm-4ed">
         <name>__aeabi_stderr</name>
         <value>0x20000fe4</value>
         <object_component_ref idref="oc-1d3"/>
      </symbol>
      <symbol id="sm-4ee">
         <name>__aeabi_stdin</name>
         <value>0x20000fdc</value>
         <object_component_ref idref="oc-1d3"/>
      </symbol>
      <symbol id="sm-4ef">
         <name>_ftable</name>
         <value>0x20000e00</value>
         <object_component_ref idref="oc-d1"/>
      </symbol>
      <symbol id="sm-4f0">
         <name>__TI_ft_end</name>
         <value>0x20000fd8</value>
         <object_component_ref idref="oc-1d3"/>
      </symbol>
      <symbol id="sm-506">
         <name>__aeabi_dsub</name>
         <value>0x330d</value>
         <object_component_ref idref="oc-170"/>
      </symbol>
      <symbol id="sm-507">
         <name>__aeabi_dadd</name>
         <value>0x3317</value>
         <object_component_ref idref="oc-170"/>
      </symbol>
      <symbol id="sm-527">
         <name>__aeabi_cdcmpeq</name>
         <value>0x40bd</value>
         <object_component_ref idref="oc-153"/>
      </symbol>
      <symbol id="sm-528">
         <name>__aeabi_cdcmple</name>
         <value>0x40bd</value>
         <object_component_ref idref="oc-153"/>
      </symbol>
      <symbol id="sm-529">
         <name>__aeabi_cdrcmple</name>
         <value>0x413b</value>
         <object_component_ref idref="oc-15f"/>
      </symbol>
      <symbol id="sm-53c">
         <name>__aeabi_ddiv</name>
         <value>0x3791</value>
         <object_component_ref idref="oc-15b"/>
      </symbol>
      <symbol id="sm-546">
         <name>__aeabi_dmul</name>
         <value>0x3b15</value>
         <object_component_ref idref="oc-157"/>
      </symbol>
      <symbol id="sm-54f">
         <name>__aeabi_d2iz</name>
         <value>0x44c1</value>
         <object_component_ref idref="oc-163"/>
      </symbol>
      <symbol id="sm-566">
         <name>putc</name>
         <value>0x3edd</value>
         <object_component_ref idref="oc-c2"/>
      </symbol>
      <symbol id="sm-567">
         <name>fputc</name>
         <value>0x3e59</value>
         <object_component_ref idref="oc-c2"/>
      </symbol>
      <symbol id="sm-568">
         <name>putchar</name>
         <value>0x3ee1</value>
         <object_component_ref idref="oc-c2"/>
      </symbol>
      <symbol id="sm-589">
         <name>puts</name>
         <value>0x39d3</value>
         <object_component_ref idref="oc-c7"/>
      </symbol>
      <symbol id="sm-58a">
         <name>fputs</name>
         <value>0x38c9</value>
         <object_component_ref idref="oc-c7"/>
      </symbol>
      <symbol id="sm-593">
         <name>__aeabi_i2d</name>
         <value>0x4675</value>
         <object_component_ref idref="oc-16c"/>
      </symbol>
      <symbol id="sm-59b">
         <name>__aeabi_lmul</name>
         <value>0x46d5</value>
         <object_component_ref idref="oc-14f"/>
      </symbol>
      <symbol id="sm-5e6">
         <name>open</name>
         <value>0x25db</value>
         <object_component_ref idref="oc-138"/>
      </symbol>
      <symbol id="sm-5e7">
         <name>add_device</name>
         <value>0x26ff</value>
         <object_component_ref idref="oc-138"/>
      </symbol>
      <symbol id="sm-5e8">
         <name>remove_device</name>
         <value>0x258f</value>
         <object_component_ref idref="oc-138"/>
      </symbol>
      <symbol id="sm-5e9">
         <name>lseek</name>
         <value>0x2689</value>
         <object_component_ref idref="oc-138"/>
      </symbol>
      <symbol id="sm-5ea">
         <name>read</name>
         <value>0x25b7</value>
         <object_component_ref idref="oc-138"/>
      </symbol>
      <symbol id="sm-5eb">
         <name>rename</name>
         <value>0x2551</value>
         <object_component_ref idref="oc-138"/>
      </symbol>
      <symbol id="sm-5ec">
         <name>write</name>
         <value>0x249d</value>
         <object_component_ref idref="oc-138"/>
      </symbol>
      <symbol id="sm-5ed">
         <name>close</name>
         <value>0x26ad</value>
         <object_component_ref idref="oc-138"/>
      </symbol>
      <symbol id="sm-5ee">
         <name>unlink</name>
         <value>0x252d</value>
         <object_component_ref idref="oc-138"/>
      </symbol>
      <symbol id="sm-5fc">
         <name>ltoa</name>
         <value>0x43c3</value>
         <object_component_ref idref="oc-167"/>
      </symbol>
      <symbol id="sm-60b">
         <name>memccpy</name>
         <value>0x46a3</value>
         <object_component_ref idref="oc-17d"/>
      </symbol>
      <symbol id="sm-61a">
         <name>memchr</name>
         <value>0x4705</value>
         <object_component_ref idref="oc-144"/>
      </symbol>
      <symbol id="sm-628">
         <name>__aeabi_memset</name>
         <value>0x41bb</value>
         <object_component_ref idref="oc-174"/>
      </symbol>
      <symbol id="sm-629">
         <name>memset</name>
         <value>0x41c1</value>
         <object_component_ref idref="oc-174"/>
      </symbol>
      <symbol id="sm-62a">
         <name>__aeabi_memset8</name>
         <value>0x41bb</value>
         <object_component_ref idref="oc-174"/>
      </symbol>
      <symbol id="sm-62b">
         <name>__aeabi_memset4</name>
         <value>0x41bb</value>
         <object_component_ref idref="oc-174"/>
      </symbol>
      <symbol id="sm-62c">
         <name>__aeabi_memclr8</name>
         <value>0x41b9</value>
         <object_component_ref idref="oc-174"/>
      </symbol>
      <symbol id="sm-62d">
         <name>__aeabi_memclr4</name>
         <value>0x41b9</value>
         <object_component_ref idref="oc-174"/>
      </symbol>
      <symbol id="sm-62e">
         <name>__aeabi_memclr</name>
         <value>0x41b9</value>
         <object_component_ref idref="oc-174"/>
      </symbol>
      <symbol id="sm-63d">
         <name>strchr</name>
         <value>0x471b</value>
         <object_component_ref idref="oc-1dc"/>
      </symbol>
      <symbol id="sm-64b">
         <name>strcmp</name>
         <value>0x46ed</value>
         <object_component_ref idref="oc-1d7"/>
      </symbol>
      <symbol id="sm-658">
         <name>strlen</name>
         <value>0x4745</value>
         <object_component_ref idref="oc-13f"/>
      </symbol>
      <symbol id="sm-667">
         <name>strncpy</name>
         <value>0x4645</value>
         <object_component_ref idref="oc-1e1"/>
      </symbol>
      <symbol id="sm-686">
         <name>HOSTgetenv</name>
         <value>0x29c3</value>
         <object_component_ref idref="oc-244"/>
      </symbol>
      <symbol id="sm-687">
         <name>HOSTrename</name>
         <value>0x286b</value>
         <object_component_ref idref="oc-244"/>
      </symbol>
      <symbol id="sm-688">
         <name>HOSTclose</name>
         <value>0x2a01</value>
         <object_component_ref idref="oc-244"/>
      </symbol>
      <symbol id="sm-689">
         <name>HOSTunlink</name>
         <value>0x27f9</value>
         <object_component_ref idref="oc-244"/>
      </symbol>
      <symbol id="sm-68a">
         <name>HOSTlseek</name>
         <value>0x2967</value>
         <object_component_ref idref="oc-244"/>
      </symbol>
      <symbol id="sm-68b">
         <name>HOSTopen</name>
         <value>0x2915</value>
         <object_component_ref idref="oc-244"/>
      </symbol>
      <symbol id="sm-68c">
         <name>HOSTclock</name>
         <value>0x2a39</value>
         <object_component_ref idref="oc-244"/>
      </symbol>
      <symbol id="sm-68d">
         <name>HOSTwrite</name>
         <value>0x27ad</value>
         <object_component_ref idref="oc-244"/>
      </symbol>
      <symbol id="sm-68e">
         <name>HOSTread</name>
         <value>0x28c9</value>
         <object_component_ref idref="oc-244"/>
      </symbol>
      <symbol id="sm-68f">
         <name>HOSTtime</name>
         <value>0x2831</value>
         <object_component_ref idref="oc-244"/>
      </symbol>
      <symbol id="sm-6a8">
         <name>__TI_readmsg</name>
         <value>0x4333</value>
         <object_component_ref idref="oc-276"/>
      </symbol>
      <symbol id="sm-6a9">
         <name>C$$IO$$</name>
         <value>0x432f</value>
         <object_component_ref idref="oc-276"/>
      </symbol>
      <symbol id="sm-6aa">
         <name>__CIOBUF_</name>
         <value>0x200003e0</value>
         <object_component_ref idref="oc-294"/>
      </symbol>
      <symbol id="sm-6ab">
         <name>__TI_writemsg</name>
         <value>0x4305</value>
         <object_component_ref idref="oc-276"/>
      </symbol>
      <symbol id="sm-6c6">
         <name>__aeabi_uldivmod</name>
         <value>0x2f59</value>
         <object_component_ref idref="oc-14b"/>
      </symbol>
      <symbol id="sm-6cf">
         <name>_Dclass</name>
         <value>0x478b</value>
         <object_component_ref idref="oc-178"/>
      </symbol>
      <symbol id="sm-6e0">
         <name>_Dtest</name>
         <value>0x4591</value>
         <object_component_ref idref="oc-203"/>
      </symbol>
      <symbol id="sm-6fd">
         <name>__TI_wrt_ok</name>
         <value>0x3dad</value>
         <object_component_ref idref="oc-12e"/>
      </symbol>
      <symbol id="sm-6fe">
         <name>__TI_rd_ok</name>
         <value>0x3e0f</value>
         <object_component_ref idref="oc-12e"/>
      </symbol>
      <symbol id="sm-717">
         <name>__TI_doflush</name>
         <value>0x3ced</value>
         <object_component_ref idref="oc-133"/>
      </symbol>
      <symbol id="sm-718">
         <name>fflush</name>
         <value>0x3d39</value>
         <object_component_ref idref="oc-133"/>
      </symbol>
      <symbol id="sm-729">
         <name>fseek</name>
         <value>0x42a1</value>
         <object_component_ref idref="oc-1c7"/>
      </symbol>
      <symbol id="sm-744">
         <name>setvbuf</name>
         <value>0x3c11</value>
         <object_component_ref idref="oc-1cc"/>
      </symbol>
      <symbol id="sm-751">
         <name>strcpy</name>
         <value>0x476b</value>
         <object_component_ref idref="oc-27b"/>
      </symbol>
      <symbol id="sm-788">
         <name>__TI_cleanup</name>
         <value>0x3215</value>
         <object_component_ref idref="oc-22c"/>
      </symbol>
      <symbol id="sm-789">
         <name>freopen</name>
         <value>0x3241</value>
         <object_component_ref idref="oc-22c"/>
      </symbol>
      <symbol id="sm-78a">
         <name>fopen</name>
         <value>0x326b</value>
         <object_component_ref idref="oc-22c"/>
      </symbol>
      <symbol id="sm-7f6">
         <name>_sys_memory</name>
         <value>0x20000a00</value>
         <object_component_ref idref="oc-24"/>
      </symbol>
      <symbol id="sm-7f7">
         <name>free</name>
         <value>0x21bf</value>
         <object_component_ref idref="oc-227"/>
      </symbol>
      <symbol id="sm-7f8">
         <name>realloc</name>
         <value>0x227f</value>
         <object_component_ref idref="oc-227"/>
      </symbol>
      <symbol id="sm-7f9">
         <name>memalign</name>
         <value>0x2385</value>
         <object_component_ref idref="oc-227"/>
      </symbol>
      <symbol id="sm-7fa">
         <name>calloc</name>
         <value>0x2465</value>
         <object_component_ref idref="oc-227"/>
      </symbol>
      <symbol id="sm-7fb">
         <name>malloc</name>
         <value>0x215d</value>
         <object_component_ref idref="oc-227"/>
      </symbol>
      <symbol id="sm-7fc">
         <name>minit</name>
         <value>0x20d1</value>
         <object_component_ref idref="oc-227"/>
      </symbol>
      <symbol id="sm-811">
         <name>__TI_closefile</name>
         <value>0x3f91</value>
         <object_component_ref idref="oc-266"/>
      </symbol>
      <symbol id="sm-812">
         <name>fclose</name>
         <value>0x3ff7</value>
         <object_component_ref idref="oc-266"/>
      </symbol>
      <symbol id="sm-814">
         <name>__TI_static_base__</name>
         <value>0x0</value>
      </symbol>
      <symbol id="sm-815">
         <name>__TI_args_main</name>
         <value>0x1</value>
      </symbol>
      <symbol id="sm-816">
         <name>SHT$$INIT_ARRAY$$Limit</name>
         <value>0x0</value>
      </symbol>
      <symbol id="sm-817">
         <name>SHT$$INIT_ARRAY$$Base</name>
         <value>0x0</value>
      </symbol>
      <symbol id="sm-81b">
         <name>remove</name>
         <value>0x252d</value>
      </symbol>
   </symbol_table>
   <title>Link successful</title>
</link_info>
